app/page.tsx(204,46): error TS2367: This comparison appears to be unintentional because the types '"idle" | "uploading"' and '"processing"' have no overlap.
